ASxxxx Linker V03.00 + NoICE + sdld,  page 1.
Hexadecimal  [32-Bits]

Area                                    Addr        Size        Decimal Bytes (Attributes)
--------------------------------        ----        ----        ------- ----- ------------
.  .ABS.                            00000000    00000000 =           0. bytes (ABS,CON)

      Value  Global                              Global Defined In Module
      -----  --------------------------------   ------------------------
     00000000  .__.ABS.                           
     00000000  l__CABS                         
     00000000  l__DABS                         
     00000000  l__HEADER                       
     00000000  l__HOME                         
     00000000  s__CABS                         
     00000000  s__DABS                         
     00000000  s__HEADER                       
     00000000  s__HEADER0                      
     00000001  l__GSFINAL                      
     00000001  l__HEAP_END                     
     00000006  l__HEADER0                      
     00000012  l__GSINIT                       
     0000001A  l__INITIALIZER                  
     0000001C  l__INITIALIZED                  
     00000106  s__CODE                         
     00000245  l__XDATA                        
     000003FF  l__HEAP                         
     000051DD  l__CODE                         
     000052E3  s__DATA                         
     00007127  l__DATA                         
     0000C40A  s__INITIALIZED                  
     0000C426  s__GSINIT                       
     0000C426  s__HOME                         
     0000C438  s__GSFINAL                      
     0000C439  s__INITIALIZER                  
     0000C453  s__HEAP                         
     0000C852  s__XDATA                        
     0000CA97  s__HEAP_END                     

ASxxxx Linker V03.00 + NoICE + sdld,  page 2.
Hexadecimal  [32-Bits]

Area                                    Addr        Size        Decimal Bytes (Attributes)
--------------------------------        ----        ----        ------- ----- ------------
_CODE                               00000106    000051DD =       20957. bytes (REL,CON)

      Value  Global                              Global Defined In Module
      -----  --------------------------------   ------------------------
     00000106  _InitFX                            watchmen
     00000258  _PlayFX                            watchmen
     000002DD  _Reg7Patch                         watchmen
     000005B4  _UpdateFX                          watchmen
     000005F0  _TestFX                            watchmen
     0000060B  _FreeFX                            watchmen
     0000061C  _sys_entities_init                 watchmen
     0000064A  _player_template                   watchmen
     0000065F  _object_template                   watchmen
     00000674  _enemy1_template                   watchmen
     00000689  _shot_template                     watchmen
     0000069E  _sys_entity_create_player          watchmen
     000006A2  _sys_entity_create_enemy1          watchmen
     000006C9  _sys_entity_create_shot            watchmen
     000006F0  _sys_entity_create_object          watchmen
     00000717  _sys_entity_erase_enemy            watchmen
     00000766  _sys_entity_erase_all_enemies      watchmen
     00000782  _sys_entity_erase_shot             watchmen
     000007D2  _sys_entity_erase_object           watchmen
     00000821  _sys_entity_erase_all_objects      watchmen
     0000083D  _sys_entity_get_array_structs_en   watchmen
     00000841  _sys_entity_get_array_structs_sh   watchmen
     00000845  _sys_entity_get_array_structs_ob   watchmen
     00000849  _sys_entity_get_num_enemies        watchmen
     00000851  _sys_entity_get_num_shots          watchmen
     00000859  _sys_entity_get_num_objects        watchmen
     00000861  _sys_entity_get_max_enemies        watchmen
     00000864  _sys_entity_get_max_shot           watchmen
     00000867  _sys_entity_get_max_objects        watchmen
     0000086A  _sys_anim_init                     watchmen
     0000086B  _sys_anim_update                   watchmen
     0000087D  _getBuffer                         watchmen
     00000881  _load_file_into_buffer_with_stru   watchmen
     000008D5  _load_file_into_buffer             watchmen
     00000912  _enter_name_and_extension_in_str   watchmen
     000009E4  _sys_collider_init                 watchmen
     000009E5  _sys_collider_get_column_entity    watchmen
     00000A0D  _sys_collider_get_file_entity      watchmen
     00000A2B  _sys_collider_get_tile_array       watchmen
     00000A57  _sys_collider_get_tile_right_arr   watchmen
     00000A84  _sys_collider_get_tile_left_arra   watchmen
     00000AB1  _sys_collider_get_tile_up_array    watchmen
     00000ADC  _sys_collider_get_tile_down_arra   watchmen
     00000B09  _get_tile_down_left_array          watchmen
     00000B37  _get_tile_down_right_array         watchmen
     00000B65  _sys_collider_entity1_collider_e   watchmen
     00000C19  _sys_collider_entity1_collider_s   watchmen
     00000CB5  _sys_physics_update                watchmen
     00000F53  _sys_check_tiled_enviroment        watchmen
     00000F6C  _sys_physics_check_keyboard        watchmen
ASxxxx Linker V03.00 + NoICE + sdld,  page 3.
Hexadecimal  [32-Bits]

Area                                    Addr        Size        Decimal Bytes (Attributes)
--------------------------------        ----        ----        ------- ----- ------------
_CODE                               00000106    000051DD =       20957. bytes (REL,CON)

      Value  Global                              Global Defined In Module
      -----  --------------------------------   ------------------------
     00001226  _entity_jump                       watchmen
     0000127B  _sys_render_init                   watchmen
     0000129D  _sys_render_update                 watchmen
     000012F8  _sys_render_update_player          watchmen
     00001449  _sys_render_update_enemy1          watchmen
     00001545  _sys_render_update_enemy2          watchmen
     000016A4  _sys_render_update_shot            watchmen
     000016D6  _sys_render_update_object_money    watchmen
     00001709  _sys_render_update_object_divan1   watchmen
     0000173C  _sys_ai_init                       watchmen
     00001749  _sys_ai_update                     watchmen
     00001767  _sys_ai_update_enemy_behavior_1    watchmen
     00001872  _sys_ai_update_enemy_behavior_2    watchmen
     00001AE1  _sys_ai_update_enemy_boss1         watchmen
     00001BAE  _man_game_init                     watchmen
     00001C50  _man_game_play                     watchmen
     0000212C  _player_die                        watchmen
     00002189  _sys_entity_get_num_moneys         watchmen
     00002191  _man_game_update                   watchmen
     000024A2  _man_game_pintarMapa               watchmen
     0000259D  _man_game_copy_sprites_definitio   watchmen
     000025D8  _man_game_copy_color_sprite_to_V   watchmen
     0000260C  _wait                              watchmen
     00002610  _man_game_cargar_buffer_musica     watchmen
     0000263D  _man_game_reproducir_musica_y_ef   watchmen
     0000264F  _man_game_cargar_buffer_efectos_   watchmen
     00002694  _man_game_reproducir_efecto_soni   watchmen
     000026A0  _debug                             watchmen
     00002756  _pintar_HUD                        watchmen
     000028A9  _show_menu_screen                  watchmen
     00002A22  _main                              watchmen
     00002A33  _free                              free
     00002B1E  _Cls                               cls
     00002B30  __divuint                          
     00002B38  __divuchar                         
     00002B3F  __divu8                            
     00002B42  __divu16                           
     00002BA1  _vMSX                              
     00002BE9  _SetVDPWrite                       
     00002C0F  _WriteScr                          
     00002C32  _SetVDPRead                        
     00002C54  _ReadScr                           
     00002CB2  _PsetXY                            
     00002CF8  _PgetXY                            
     00002D28  _Point                             
     00002D75  _NewLine                           
     00002E04  _OLD_Line                          
     00002E7F  _OLD_Rect                          
     00002EEE  _Paint                             
     00002F74  _HMMC                              
     00003025  _LMMC                              
ASxxxx Linker V03.00 + NoICE + sdld,  page 4.
Hexadecimal  [32-Bits]

Area                                    Addr        Size        Decimal Bytes (Attributes)
--------------------------------        ----        ----        ------- ----- ------------
_CODE                               00000106    000051DD =       20957. bytes (REL,CON)

      Value  Global                              Global Defined In Module
      -----  --------------------------------   ------------------------
     0000308F  _HMCM                              
     00003165  _HMCM_SC8                          
     00003256  _HMMM                              
     000032B5  _YMMM                              
     0000330E  _HMMV                              
     0000335C  _LMMV                              
     000033AF  _Pset                              
     000033F5  _LMMM                              
     00003474  _fLMMM                             
     000034A1  _Draw                              
     000036D5  _rand                              rand
     00003794  _srand                             rand
     000037B1  _MMalloc                           mmalloc
     000037CD  _fcb_read                          
     000037F0  _fcb_write                         
     00003814  _PSGRead                           psgread
     00003848  _InstallReplayer                   
     00003861  _UninstallReplayer                 
     000038A5  _PT3Mute                           
     000038B1  _PT3Init                           
     00003D1A  _PT3Play                           
     00003E12  _PT3Rout                           
     00003EBC  _SubLine                           vdp_graph2plus
     00003F26  _Line                              vdp_graph2plus
     00003FBB  _BoxFill                           vdp_graph2plus
     0000402F  _BoxLine                           vdp_graph2plus
     0000411B  _PutSprite                         putsprite
     00004183  _SpriteSmall                       spriteSmall
     000041BA  _SetRealTimer                      setrealtimer
     000041ED  _KeySound                          keysound
     00004225  _SC8SpritePattern                  
     0000422E  _SC5SpritePattern                  
     00004237  _SC8SpriteColors                   
     00004241  _SC5SpriteColors                   
     000042B2  _SC5SpriteAttribs                  
     000042E1  _Sprite32Bytes                     
     0000433B  _SpriteOn                          spriteon
     00004372  _FCBs                              
     0000437C  _GetOSVersion                      
     000043A8  __os_ver                           
     000043A9  __mx_ver                           
     000043AA  __buf8_fcbs                        
     000044DA  __io_errno                         
     00004563  __setupfcb                         
     000045B2  _get_fd                            
     000045C4  _Open                              
     000045DF  _OpenAttrib                        
     000045FB  _iopen                             
     000046C3  _Close                             
     000046D3  _iclose                            
     00004708  _Create                            
ASxxxx Linker V03.00 + NoICE + sdld,  page 5.
Hexadecimal  [32-Bits]

Area                                    Addr        Size        Decimal Bytes (Attributes)
--------------------------------        ----        ----        ------- ----- ------------
_CODE                               00000106    000051DD =       20957. bytes (REL,CON)

      Value  Global                              Global Defined In Module
      -----  --------------------------------   ------------------------
     0000471D  _CreateAttrib                      
     0000473A  _Read                              
     00004756  _iread                             
     0000479A  _Write                             
     000047B6  _iwrite                            
     000047EA  _Lseek                             
     0000480D  _ilseek                            
     00004875  _Ltell                             
     00004892  _iltell                            
     000048D5  _GetCWD                            
     000048F2  _igetcwd                           
     0000492F  _Remove                            
     00004946  _iremove                           
     00004970  _Rename                            
     0000498D  _irename                           
     000049CC  _ChangeDir                         
     000049E3  _ichdir                            
     000049F7  _MakeDir                           
     00004A0E  _imkdir                            
     00004A2A  _RemoveDir                         
     00004A41  _irmdir                            
     00004A59  _FindFirst                         
     00004A99  lb_ff1c                            
     00004ACD  lb_ff2c                            
     00004AE8  _FindNext                          
     00004B16  _SetDisk                           
     00004B2A  _GetDisk                           
     00004B37  _DiskLoad                          
     00004BDE  _ShowDisplay                       showdisplay
     00004BF4  _SpriteReset                       spritereset
     00004C06  _fcb_open                          
     00004C17  _fcb_create                        
     00004C38  _fcb_close                         
     00004C4A  _InitPSG                           initpsg
     00004C5F  _WaitKey                           
     00004C77  _SetSpritePattern                  setspritepattern
     00004CCD  _RealTimer                         realtimer
     00004CF5  _VDPwriteNi                        
     00004D05  _JoystickRead                      joystickread
     00004D24  _VpokeFirst                        vpoke
     00004DB0  _Vpoke                             vpoke
     00004DC8  _Itoa                              itoa
     00004EEF  _KillKeyBuffer                     killkeybuffer
     00004F04  _OutPorts                          
     00004F14  _SpriteOff                         spriteoff
     00004F4B  _StrReverse                        strreverse
     00004FD0  _PSGwrite                          psgwrite
     00005009  _StrLen                            
     00005024  ___sdcc_enter_ix                   
     0000502E  ___sdcc_heap_init                  malloc
     00005049  _malloc                            malloc
ASxxxx Linker V03.00 + NoICE + sdld,  page 6.
Hexadecimal  [32-Bits]

Area                                    Addr        Size        Decimal Bytes (Attributes)
--------------------------------        ----        ----        ------- ----- ------------
_CODE                               00000106    000051DD =       20957. bytes (REL,CON)

      Value  Global                              Global Defined In Module
      -----  --------------------------------   ------------------------
     00005168  _InPort                            
     00005170  __modschar                         
     0000517D  __modsint                          
     00005189  _OutPort                           
     00005193  _Sprite16                          sprite16
     000051CA  _PutText                           
     0000520A  _SetColors                         setcolors
     00005264  __moduchar                         
     00005270  __moduint                          
     0000527B  __divsint                          
     00005284  __divschar                         
     0000528B  __div8                             
     0000528F  __div_signexte                     
     00005293  __div16                            
     000052B9  __get_remainder                    
     000052C3  _Screen                            
ASxxxx Linker V03.00 + NoICE + sdld,  page 7.
Hexadecimal  [32-Bits]

Area                                    Addr        Size        Decimal Bytes (Attributes)
--------------------------------        ----        ----        ------- ----- ------------
_DATA                               000052E3    00007127 =       28967. bytes (REL,CON)

      Value  Global                              Global Defined In Module
      -----  --------------------------------   ------------------------
     000052ED  _array_structs_enemies             watchmen
     00005341  _array_structs_shots               watchmen
     00005356  _array_structs_objects             watchmen
     000053BF  _num_enemies                       watchmen
     000053C0  _num_shots                         watchmen
     000053C1  _num_objects                       watchmen
     000053C2  _buffer                            watchmen
     0000BDC8  _tile_derecha                      watchmen
     0000BDCA  _tile_izquierda                    watchmen
     0000BDCC  _tile_arriba                       watchmen
     0000BDCE  _tile_abajo                        watchmen
     0000BDD0  _tile_pie                          watchmen
     0000BDD2  _contador_jump                     watchmen
     0000BDD3  _array_jump                        watchmen
     0000BDD8  _sys_ai_contador                   watchmen
     0000BDDA  _songEffectsBuffer                 watchmen
     0000C291  _TFileEffects                      watchmen
     0000C2B6  _songBuffer                        watchmen
     0000C3BE  _TFileMusic                        watchmen
     0000C3E3  _game_over                         watchmen
     0000C3E4  _player                            watchmen
     0000C3E6  _actual_world                      watchmen
     0000C3E7  _world_change                      watchmen
     0000C3E8  _enabled_world_change              watchmen
     0000C3E9  _world_money                       watchmen
     0000C3EA  _created_enemy2                    watchmen
     0000C3EB  _time                              watchmen
     0000C3ED  _count_down                        watchmen
     0000C3EF  _hours                             watchmen
     0000C3F1  _minutes                           watchmen
     0000C3F3  _secunds                           watchmen
     0000C3F5  _memory_space                      watchmen
     0000C3F7  _destiny_x_door                    watchmen
     0000C3F9  _destiny_y_door                    watchmen
     0000C3FB  _destiny_x_phone                   watchmen
     0000C3FD  _destiny_y_phone                   watchmen
     0000C3FF  _collision_divan                   watchmen
     0000C400  _array_enemies                     watchmen
     0000C402  _array_objects                     watchmen
     0000C404  _array_shots                       watchmen
     0000C406  _resultado                         watchmen
     0000C408  ___sdcc_heap_free                  malloc
ASxxxx Linker V03.00 + NoICE + sdld,  page 8.
Hexadecimal  [32-Bits]

Area                                    Addr        Size        Decimal Bytes (Attributes)
--------------------------------        ----        ----        ------- ----- ------------
_INITIALIZED                        0000C40A    0000001C =          28. bytes (REL,CON)

      Value  Global                              Global Defined In Module
      -----  --------------------------------   ------------------------
     0000C40A  _fileNameSongEffects               watchmen
     0000C416  _fileNameSong                      watchmen
     0000C420  _heap_top                          
ASxxxx Linker V03.00 + NoICE + sdld,  page 9.
Hexadecimal  [32-Bits]

Area                                    Addr        Size        Decimal Bytes (Attributes)
--------------------------------        ----        ----        ------- ----- ------------
_GSINIT                             0000C426    00000012 =          18. bytes (REL,CON)

      Value  Global                              Global Defined In Module
      -----  --------------------------------   ------------------------
ASxxxx Linker V03.00 + NoICE + sdld,  page 10.
Hexadecimal  [32-Bits]

Area                                    Addr        Size        Decimal Bytes (Attributes)
--------------------------------        ----        ----        ------- ----- ------------
_GSFINAL                            0000C438    00000001 =           1. bytes (REL,CON)

      Value  Global                              Global Defined In Module
      -----  --------------------------------   ------------------------
ASxxxx Linker V03.00 + NoICE + sdld,  page 11.
Hexadecimal  [32-Bits]

Area                                    Addr        Size        Decimal Bytes (Attributes)
--------------------------------        ----        ----        ------- ----- ------------
_INITIALIZER                        0000C439    0000001A =          26. bytes (REL,CON)

      Value  Global                              Global Defined In Module
      -----  --------------------------------   ------------------------
ASxxxx Linker V03.00 + NoICE + sdld,  page 12.
Hexadecimal  [32-Bits]

Area                                    Addr        Size        Decimal Bytes (Attributes)
--------------------------------        ----        ----        ------- ----- ------------
_HEADER0                            00000000    00000006 =           6. bytes (ABS,CON)

      Value  Global                              Global Defined In Module
      -----  --------------------------------   ------------------------
ASxxxx Linker V03.00 + NoICE + sdld,  page 13.
Hexadecimal  [32-Bits]

Area                                    Addr        Size        Decimal Bytes (Attributes)
--------------------------------        ----        ----        ------- ----- ------------
_HEAP                               0000C453    000003FF =        1023. bytes (REL,CON)

      Value  Global                              Global Defined In Module
      -----  --------------------------------   ------------------------
     0000C453  _HEAP_start                        
     0000C453  ___sdcc_heap                       

ASxxxx Linker V03.00 + NoICE + sdld,  page 14.
Hexadecimal  [32-Bits]

Area                                    Addr        Size        Decimal Bytes (Attributes)
--------------------------------        ----        ----        ------- ----- ------------
_XDATA                              0000C852    00000245 =         581. bytes (REL,CON)

      Value  Global                              Global Defined In Module
      -----  --------------------------------   ------------------------
ASxxxx Linker V03.00 + NoICE + sdld,  page 15.
Hexadecimal  [32-Bits]

Area                                    Addr        Size        Decimal Bytes (Attributes)
--------------------------------        ----        ----        ------- ----- ------------
_HEAP_END                           0000CA97    00000001 =           1. bytes (REL,CON)

      Value  Global                              Global Defined In Module
      -----  --------------------------------   ------------------------
     0000CA97  ___sdcc_heap_end                   

ASxxxx Linker V03.00 + NoICE + sdld,  page 16.

Files Linked                              [ module(s) ]

watchmen.rel                              [ watchmen ]
./fusion-c/include/crt0_msxdos.rel        [  ]


Libraries Linked                          [ object file ]

C:\Program Files\SDCC\bin\..\lib\z80/z80.lib
                                          [ free.rel ]
./fusion-c/lib/fusion.lib                 [ cls.rel ]
C:\Program Files\SDCC\bin\..\lib\z80/z80.lib
                                          [ divunsigned.rel ]
./fusion-c/lib/fusion.lib                 [ vdp_graph2.rel ]
C:\Program Files\SDCC\bin\..\lib\z80/z80.lib
                                          [ rand.rel ]
./fusion-c/lib/fusion.lib                 [ mmalloc.rel ]
./fusion-c/lib/fusion.lib                 [ fcb_read.rel ]
./fusion-c/lib/fusion.lib                 [ psgread.rel ]
./fusion-c/lib/fusion.lib                 [ pt3replayer.rel ]
./fusion-c/lib/fusion.lib                 [ vdp_graph2plus.rel ]
./fusion-c/lib/fusion.lib                 [ putsprite.rel ]
./fusion-c/lib/fusion.lib                 [ spriteSmall.rel ]
./fusion-c/lib/fusion.lib                 [ setrealtimer.rel ]
./fusion-c/lib/fusion.lib                 [ keysound.rel ]
./fusion-c/lib/fusion.lib                 [ spritemore.rel ]
./fusion-c/lib/fusion.lib                 [ spriteon.rel ]
./fusion-c/lib/fusion.lib                 [ io.rel ]
./fusion-c/lib/fusion.lib                 [ showdisplay.rel ]
./fusion-c/lib/fusion.lib                 [ spritereset.rel ]
./fusion-c/lib/fusion.lib                 [ fcb_open.rel ]
./fusion-c/lib/fusion.lib                 [ initpsg.rel ]
./fusion-c/lib/fusion.lib                 [ waitkey.rel ]
./fusion-c/lib/fusion.lib                 [ setspritepattern.rel ]
./fusion-c/lib/fusion.lib                 [ realtimer.rel ]
./fusion-c/lib/fusion.lib                 [ vdpwriteni.rel ]
./fusion-c/lib/fusion.lib                 [ joystickread.rel ]
./fusion-c/lib/fusion.lib                 [ vpoke.rel ]
./fusion-c/lib/fusion.lib                 [ itoa.rel ]
./fusion-c/lib/fusion.lib                 [ killkeybuffer.rel ]
./fusion-c/lib/fusion.lib                 [ outports.rel ]
./fusion-c/lib/fusion.lib                 [ spriteoff.rel ]
./fusion-c/lib/fusion.lib                 [ strreverse.rel ]
./fusion-c/lib/fusion.lib                 [ psgwrite.rel ]
./fusion-c/lib/fusion.lib                 [ strlen.rel ]
C:\Program Files\SDCC\bin\..\lib\z80/z80.lib
                                          [ crtenter.rel ]
C:\Program Files\SDCC\bin\..\lib\z80/z80.lib
                                          [ malloc.rel ]
./fusion-c/lib/fusion.lib                 [ inport.rel ]
C:\Program Files\SDCC\bin\..\lib\z80/z80.lib
                                          [ modsigned.rel ]
./fusion-c/lib/fusion.lib                 [ outport.rel ]
./fusion-c/lib/fusion.lib                 [ sprite16.rel ]
./fusion-c/lib/fusion.lib                 [ puttext.rel ]
./fusion-c/lib/fusion.lib                 [ setcolors.rel ]
C:\Program Files\SDCC\bin\..\lib\z80/z80.lib
                                          [ modunsigned.rel ]
C:\Program Files\SDCC\bin\..\lib\z80/z80.lib
                                          [ divsigned.rel ]
./fusion-c/lib/fusion.lib                 [ screen.rel ]
C:\Program Files\SDCC\bin\..\lib\z80/z80.lib
                                          [ heap.rel ]

ASxxxx Linker V03.00 + NoICE + sdld,  page 17.

User Base Address Definitions

_CODE = 0x0106
_DATA = 0x0000

